[backblue.gif]
[fade.gif]
[index.html]
[www.abdn.ac.uk/global/images/icons/apple-touch-icon.png]
[www.abdn.ac.uk/global/images/icons/favicon-32x32.png]
[www.abdn.ac.uk/global/images/icons/favicon-16x16.png]
[www.abdn.ac.uk/global/images/icons/manifest.json]
[www.abdn.ac.uk/global/images/icons/browserconfig.xml]
[uoab-search.squiz.cloud/s/resources-global/css/funnelback.autocompletion-2.6.0.css]
[cdn.jsdelivr.net/npm/slick-carousel@1.8.1/slick/slick.css]
[cdn.jsdelivr.net/npm/slick-carousel@1.8.1/slick/slick-theme.css]
[cdn.jsdelivr.net/npm/slick-carousel@1.8.1/slick/slick.min.js]
[code.jquery.com/jquery-3.6.0.min.js]
[www.abdn.ac.uk/global/images/layout/UoA_Primary_Logo_RGB_2018435c.png]
[www.abdn.ac.uk/img/1200x428/central-images/v2/slides/PGVOD2022-Homepage-Banner1200x428_No Text.jpg]
[www.abdn.ac.uk/img/1200x428/central-images/v2/slides/NSS2022.jpg]
[www.abdn.ac.uk/img/1200x428/central-images/v2/slides/Ranking3.jpg]
[www.abdn.ac.uk/img/1200x428/central-images/v2/slides/Greenhouse_1200_428.jpg]
[www.abdn.ac.uk/img/450x254/news/images/features/MRI_patient2.jpg]
[www.abdn.ac.uk/img/450x254/news/images/features/Geothermal_lake.jpg]
[www.abdn.ac.uk/img/50,sc/news/images/thumbs/Motor_Neuron_Disease.jpg]
[www.abdn.ac.uk/img/50,sc/news/images/thumbs/Project_SEARCH_Interns_Trophy_Photo.jpg]
[www.abdn.ac.uk/img/50,sc/news/images/thumbs/107AlexKemp.jpg]
[www.abdn.ac.uk/img/50,sc/news/images/thumbs/EVE_Headshot_002.jpg]
[www.abdn.ac.uk/img/50,sc/news/images/thumbs/Missing_persons_poster_resized.jpg]
[www.abdn.ac.uk/img/300x/central-images/v2/features/Sustainable-Hero.jpg]
[www.abdn.ac.uk/img/600x/central-images/v2/features/Sustainable-Hero.jpg]
[www.abdn.ac.uk/img/1200x/central-images/v2/features/Sustainable-Hero.jpg]
[www.abdn.ac.uk/img/450x/central-images/v2/features/virtual-events-meetings.jpg]
[www.abdn.ac.uk/img/300x/central-images/v2/features/unicorn-hero.jpg]
[www.abdn.ac.uk/img/600x/central-images/v2/features/unicorn-hero.jpg]
[www.abdn.ac.uk/img/1200x/central-images/v2/features/unicorn-hero.jpg]
[www.abdn.ac.uk/img/300x/central-images/v2/features/Campus-Return-Hero.jpg]
[www.abdn.ac.uk/img/600x/central-images/v2/features/Campus-Return-Hero.jpg]
[www.abdn.ac.uk/img/1200x/central-images/v2/features/Campus-Return-Hero.jpg]
[www.abdn.ac.uk/img/450x/central-images/v2/features/research_rdax_450x253.jpg]
[www.abdn.ac.uk/img/450x/central-images/v2/features/world-leading.jpg]
[www.abdn.ac.uk/img/450x/central-images/v2/features/Qatar_16_9_rdax_450x253.jpg]
[www.abdn.ac.uk/img/300x/central-images/v2/features/sdrl-hero.jpg]
[www.abdn.ac.uk/img/600x/central-images/v2/features/sdrl-hero.jpg]
[www.abdn.ac.uk/img/1200x/central-images/v2/features/sdrl-hero.jpg]
[www.abdn.ac.uk/global/images/layout/UoA_Landscape_Logo_RGB_REVERSE_2018435c.png]
[www.abdn.ac.uk/global/js/opentext_responsive/navigation435c.js]
[uoab-search.squiz.cloud/s/resources-global/js/typeahead.bundle-0.11.1.min.js]
[uoab-search.squiz.cloud/s/resources-global/js/funnelback.autocompletion-2.6.0.js]
[www.abdn.ac.uk/global/js/opentext_responsive/funnelback_search435c.js]
[www.abdn.ac.uk/global/js/opentext_responsive/slick435c.js]
[cc.cdn.civiccomputing.com/9/cookieControl-9.x.min.js]
[www.abdn.ac.uk/global/cookies/js/cookie-consent435c.js]
[www.abdn.ac.uk/study/search/assets/scripts/prospectus_search.1583248229.js]
[www.abdn.ac.uk/index.html]
[www.abdn.ac.uk/global/images/icons/safari-pinned-tab.svg]
[www.abdn.ac.uk/global/images/layout/british_isles_sm_2018958e.png]
[www.abdn.ac.uk/global/images/global_nav/nav-study2.jpg]
[www.abdn.ac.uk/global/images/global_nav/nav-about-2.jpg]
[www.abdn.ac.uk/global/images/global_nav/nav-research3-wide.jpg]
[www.abdn.ac.uk/global/images/global_nav/nav-alumni-wide2.jpg]
[www.abdn.ac.uk/global/images/global_nav/nav-alumni-wide1.jpg]
[www.abdn.ac.uk/global/fonts/fontawesome-pro-6.0.0-web/webfonts/fa-brands-400.ttf]
[www.abdn.ac.uk/global/fonts/fontawesome-pro-6.0.0-web/webfonts/fa-light-300.ttf]
[www.abdn.ac.uk/global/fonts/fontawesome-pro-6.0.0-web/webfonts/fa-regular-400.ttf]
[www.abdn.ac.uk/global/fonts/fontawesome-pro-6.0.0-web/webfonts/fa-solid-900.ttf]
[www.abdn.ac.uk/global/css/opentext_responsive/global435c.css]
[www.abdn.ac.uk/central-images/v2/homepage_video_loading.gif]
[www.abdn.ac.uk/central-css/homepage_v2435c.css]
[www.abdn.ac.uk/global/fonts/flaticon/font/Flaticon.eot]
[www.abdn.ac.uk/global/fonts/flaticon/font/Flaticond41d.eot]
[www.abdn.ac.uk/global/fonts/flaticon/font/Flaticon.woff]
[www.abdn.ac.uk/global/fonts/flaticon/font/Flaticon.ttf]
[www.abdn.ac.uk/global/css/opentext_responsive/funnelback_search435c.css]
[uoab-search.squiz.cloud/s/resources-global/css/funnelback.autocompletion-2.6.0.css]
[cdn.jsdelivr.net/npm/slick-carousel@1.8.1/slick/slick.css]
[cdn.jsdelivr.net/npm/slick-carousel@1.8.1/slick/ajax-loader.gif]
[cdn.jsdelivr.net/npm/slick-carousel@1.8.1/slick/fonts/slick.eot]
[cdn.jsdelivr.net/npm/slick-carousel@1.8.1/slick/fonts/slickd41d.eot]
[cdn.jsdelivr.net/npm/slick-carousel@1.8.1/slick/fonts/slick.woff]
[cdn.jsdelivr.net/npm/slick-carousel@1.8.1/slick/fonts/slick.ttf]
[cdn.jsdelivr.net/npm/slick-carousel@1.8.1/slick/fonts/slick.svg]
[cdn.jsdelivr.net/npm/slick-carousel@1.8.1/slick/slick-theme.css]
[www.abdn.ac.uk/global/css/opentext_responsive/slick_combined435c.css]
[www.abdn.ac.uk/study/search/assets/styles/prospectus_search.1657102418.css]
[www.abdn.ac.uk/global/index.html]
[www.abdn.ac.uk/global/js/priorityplus_navigation.js]
[www.abdn.ac.uk/global/js/ie11CustomProperties.min.js]
[www.abdn.ac.uk/pgap/index.html]
[www.abdn.ac.uk/library/documents/guides/qggen002.pdf]
[www.abdn.ac.uk/about/documents/BSL_Plan_29Aug18.docx]
[www.abdn.ac.uk/about/our-website/accessibility.html]
[www.abdn.ac.uk/img/900x177/study/feature-images/Study-Here-banner-June2020-update1600x500.jpg]
[www.abdn.ac.uk/img/1600x500/study/feature-images/Study-Here-banner-June2020-update1600x500.jpg]
[www.abdn.ac.uk/img/850x/study/slideshow-images/PG-VOD-2022-16x9_rdax_850x478.jpg]
[www.abdn.ac.uk/img/850x/study/slideshow-images/Our-programmes-16x9.jpg]
[www.abdn.ac.uk/img/850x/study/slideshow-images/AskABDN-16x9.png]
[www.abdn.ac.uk/img/850x/study/slideshow-images/Accommodation-common-area-16x9_rdax_850x477.jpg]
[www.abdn.ac.uk/img/450x/study/feature-images/AskABDNPodcast-4x3_rdax_450x338.jpg]
[www.abdn.ac.uk/img/450x/study/feature-images/Student-chat-4x3_rdax_450x338.jpg]
[www.abdn.ac.uk/img/450x/study/feature-images/Aberdeen-City-4x3_rdax_450x337.png]
[www.abdn.ac.uk/img/450x/study/feature-images/Academics-development-4x3_rdax_450x338.jpg]
[www.abdn.ac.uk/global/js/opentext_responsive/tabcordion435c.js]
[www.abdn.ac.uk/study/index.html]
[assets.app.futr.ai/webchat/futrwebchat.js]
[www.abdn.ac.uk/img/450x/study/slideshow-images/Our_degrees.jpg]
[www.abdn.ac.uk/img/450x/study/slideshow-images/Campus-Tour-4x3.jpg]
[www.abdn.ac.uk/img/450x/study/slideshow-images/Accommodation-common-area-4x3.jpg]
[www.abdn.ac.uk/img/450x/study/slideshow-images/World2.png]
[www.abdn.ac.uk/img/450x/study/feature-images/Our-Degrees4x3_rdax_450x338.jpg]
[www.abdn.ac.uk/img/450x/study/feature-images/Subjects-4x3_rdax_450x338.jpg]
[www.abdn.ac.uk/img/450x/study/feature-images/Apply4x3_rdax_450x338.jpg]
[www.abdn.ac.uk/img/450x/study/feature-images/Entry-Reqs-4x3_rdax_450x338.jpg]
[www.abdn.ac.uk/img/450x/study/feature-images/Finance-4x3_rdax_450x338.jpg]
[www.abdn.ac.uk/img/450x/study/feature-images/Widening-Access-4x3_rdax_450x338.jpg]
[www.abdn.ac.uk/img/450x/study/feature-images/Students Reading_rdax_450x300.jpg]
[www.abdn.ac.uk/img/450x/study/feature-images/2023 UG Prospectus Cover_rdax_450x667.jpg]
[www.abdn.ac.uk/study/documents/Undergraduate-Prospectus.pdf]
[www.abdn.ac.uk/img/450x/study/feature-images/International Guide 2021 Cover_rdax_450x655.jpg]
[www.abdn.ac.uk/study/documents/International_Guide_web_2022.pdf]
[www.abdn.ac.uk/img/450x/study/feature-images/Kings-College-reflection-4x3_rdax_450x337.jpg]
[www.abdn.ac.uk/study/undergraduate/index.html]
[www.abdn.ac.uk/study/undergraduate/degree-programmes/index.html]
[www.abdn.ac.uk/img/900x177/study/feature-images/UG-Subject-Area-1600x500.jpg]
[www.abdn.ac.uk/img/1600x500/study/feature-images/UG-Subject-Area-1600x500.jpg]
[cdnjs.cloudflare.com/ajax/libs/selectize.js/0.12.4/js/standalone/selectize.min.js]
[cdnjs.cloudflare.com/ajax/libs/js-cookie/2.1.4/js.cookie.min.js]
[www.abdn.ac.uk/global/js/opentext_responsive/tabcordion.js]
[www.abdn.ac.uk/study/prospectus/assets/js/main.1664265311.js]
[www.abdn.ac.uk/study/undergraduate/subject-areas/index.html]
[www.abdn.ac.uk/img/450x/study/slideshow-images/Go Abroad Fair Facebook Promo_rdax_850x713.png]
[www.abdn.ac.uk/img/450x/study/slideshow-images/internationalcentre16x9_rdax_850x478.jpg]
[www.abdn.ac.uk/img/450x/study/slideshow-images/Go Abroad Virtual Appointments_rdax_850x713.png]
[www.abdn.ac.uk/img/450x/study/feature-images/GoAbroadIn4x3_rdax_450x338.jpg]
[www.abdn.ac.uk/img/450x/study/feature-images/IEP4x3_rdax_450x337.jpg]
[www.abdn.ac.uk/study/undergraduate/study-abroad-and-exchanges.html]
[www.abdn.ac.uk/img/450x/study/feature-images/finance_UG_home.jpg]
[www.abdn.ac.uk/img/450x/study/feature-images/ruk_finance_rdax_450x338.jpg]
[www.abdn.ac.uk/img/450x/study/feature-images/intl_finance.jpg]
[www.abdn.ac.uk/study/undergraduate/finance.html]
[www.abdn.ac.uk/img/450x/study/feature-images/diploma_rdax_450x389.png]
[www.abdn.ac.uk/img/450x/study/feature-images/notebook_rdax_450x387.png]
[www.abdn.ac.uk/img/450x/study/feature-images/offer_rdax_450x388.png]
[www.abdn.ac.uk/img/450x/study/feature-images/museum_rdax_450x388.png]
[www.abdn.ac.uk/study/undergraduate/how-to-apply.html]
[www.abdn.ac.uk/img/450x/study/feature-images/PG VOD-Study-Here-1024x720_No Register-Date-01_rdax_450x316.jpg]
[www.abdn.ac.uk/img/450x/study/slideshow-images/Searchdegrees-4x3_rdax_850x637.jpg]
[www.abdn.ac.uk/img/450x/study/slideshow-images/Student-chat-4x3_rdax_850x638.jpg]
[www.abdn.ac.uk/img/450x/study/slideshow-images/On-demand-UoA-4x3_rdax_850x637.png]
[www.abdn.ac.uk/img/450x/study/slideshow-images/AlumniDiscount-4x3_rdax_850x638.jpg]
[www.abdn.ac.uk/img/450x/study/feature-images/Funding-4x3_rdax_450x337.jpg]
[www.abdn.ac.uk/img/450x/study/feature-images/Kings-4x3_rdax_450x338.jpg]
[www.abdn.ac.uk/img/450x/study/feature-images/Apply-4x3_rdax_450x338.jpg]
[www.abdn.ac.uk/img/450x/study/feature-images/International Guide 2020 Cover_rdax_450x659.png]
[www.abdn.ac.uk/img/450x/study/feature-images/Energy-Masters-Prospectus-577x840_rdax_450x655.jpg]
[www.abdn.ac.uk/study/documents/Energy-Masters-Prospectus.pdf]
[www.abdn.ac.uk/img/450x/study/feature-images/Business-School-2022-PGT-Prospectus-Image_rdax_450x658.jpg]
[www.abdn.ac.uk/study/documents/Business School 2022 PGT Prospectus.pdf]
[www.abdn.ac.uk/study/postgraduate-taught/index.html]
[www.abdn.ac.uk/study/postgraduate-taught/degree-programmes/index.html]
[www.abdn.ac.uk/img/450x/study/feature-images/odl-degrees_rdax_450x253.png]
[www.abdn.ac.uk/img/450x/study/feature-images/odl-courses_rdax_450x253.png]
[www.abdn.ac.uk/img/450x/study/feature-images/odl-categories_rdax_450x253.png]
[www.abdn.ac.uk/img/200x/study/feature-images/odl-categories_rdax_450x253.png]
[www.abdn.ac.uk/img/250x/study/feature-images/odl-categories_rdax_450x253.png]
[www.abdn.ac.uk/img/450x/study/feature-images/odl-discover_rdax_450x253.png]
[www.abdn.ac.uk/img/200x/study/feature-images/odl-discover_rdax_450x253.png]
[www.abdn.ac.uk/img/250x/study/feature-images/odl-discover_rdax_450x253.png]
[www.abdn.ac.uk/img/450x/study/feature-images/odl-question_rdax_450x253.png]
[www.abdn.ac.uk/img/200x/study/feature-images/odl-question_rdax_450x253.png]
[www.abdn.ac.uk/img/250x/study/feature-images/odl-question_rdax_450x253.png]
[www.abdn.ac.uk/img/450x/study/feature-images/SFC-2020-Phase2-Thumbnail_rdax_450x253.jpg]
[www.abdn.ac.uk/img/200x/study/feature-images/SFC-2020-Phase2-Thumbnail_rdax_450x253.jpg]
[www.abdn.ac.uk/img/250x/study/feature-images/SFC-2020-Phase2-Thumbnail_rdax_450x253.jpg]
[www.abdn.ac.uk/study/online/index.html]
[www.abdn.ac.uk/img/450x/study/feature-images/odl-16x9_rdax_450x253.png]
[www.abdn.ac.uk/img/450x/study/feature-images/Kings-16x9_rdax_450x252.jpg]
[www.abdn.ac.uk/study/postgraduate-taught/part-time.html]
[www.abdn.ac.uk/global/faqs/site/js/faq.functions435c.js]
[www.abdn.ac.uk/img/450x/study/slideshow-images/books.jpg]
[www.abdn.ac.uk/img/450x/study/feature-images/_MG_0581_rdax_450x300.jpg]
[www.abdn.ac.uk/img/450x/study/feature-images/_MG_6855_rdax_450x300.jpg]
[www.abdn.ac.uk/img/450x/study/feature-images/_MG_0928.jpg]
[www.abdn.ac.uk/img/450x/study/feature-images/_O8A1083_rdax_450x300.jpg]
[www.abdn.ac.uk/study/postgraduate-taught/finance-funding-1599.html]
[www.abdn.ac.uk/img/450x/study/feature-images/Assiya_rdax_260x173_(1).jpg]
[www.abdn.ac.uk/img/450x/study/feature-images/eligibility.jpg]
[www.abdn.ac.uk/img/450x/study/feature-images/_MG_6179_rdax_450x300.jpg]
[www.abdn.ac.uk/study/documents/Professional-Development-application-form-2020.docx]
[www.abdn.ac.uk/img/450x/study/feature-images/how_to_apply_faqs_rdax_450x337.jpg]
[www.abdn.ac.uk/study/postgraduate-taught/apply.html]
[www.abdn.ac.uk/img/450x/study/feature-images/applying-for-phd-4x3_rdax_450x337.jpg]
[www.abdn.ac.uk/img/450x/study/feature-images/Research-project-4x3.jpg]
[www.abdn.ac.uk/img/450x/study/feature-images/doctoral-training-4x3_rdax_450x338.jpg]
[www.abdn.ac.uk/img/450x/study/feature-images/Library-4x3_rdax_450x337.jpg]
[www.abdn.ac.uk/img/450x/study/feature-images/Finance-funding-4x3.jpg]
[www.abdn.ac.uk/study/postgraduate-research/index.html]
[www.abdn.ac.uk/study/postgraduate-research/research-areas/index.html]
[www.findaphd.com/connect/customStyles.196.delayed]
[www.findaphd.com/connect/core.197.delayed]
[www.abdn.ac.uk/study/postgraduate-research/current-phd-opportunities-1640.html]
[www.abdn.ac.uk/img/450x/study/slideshow-images/PGR-tuition-fees-16x9_rdax_850x478.jpg]
[www.abdn.ac.uk/img/200x/study/slideshow-images/PGR-tuition-fees-16x9_rdax_850x478.jpg]
[www.abdn.ac.uk/img/250x/study/slideshow-images/PGR-tuition-fees-16x9_rdax_850x478.jpg]
[www.abdn.ac.uk/img/450x/study/slideshow-images/PGR-alumni-discount-16x9_rdax_850x478.jpg]
[www.abdn.ac.uk/img/200x/study/slideshow-images/PGR-alumni-discount-16x9_rdax_850x478.jpg]
[www.abdn.ac.uk/img/250x/study/slideshow-images/PGR-alumni-discount-16x9_rdax_850x478.jpg]
[www.abdn.ac.uk/study/postgraduate-research/finance-funding-1641.html]
[www.abdn.ac.uk/study/documents/Terms and Conditions (Postgraduate).pdf]
[www.abdn.ac.uk/study/documents/student-collection-notice.pdf]
[www.abdn.ac.uk/pgap/login.html]
[www.abdn.ac.uk/study/postgraduate-research/how-to-apply-1639.html]
[www.abdn.ac.uk/global/lib/picnet_table/picnet.table.filter.min.js]
[www.abdn.ac.uk/study/online/degrees.html]
[www.abdn.ac.uk/img/900x177/about/feature-images/banner_about_1600x500.jpg]
[www.abdn.ac.uk/img/1600x500/about/feature-images/banner_about_1600x500.jpg]
[www.abdn.ac.uk/img/850x/about/slideshow-images/Inclusive_16_9_rdax_850x478.jpg]
[www.abdn.ac.uk/img/850x/about/slideshow-images/International_16_9_rdax_850x478.jpg]
[www.abdn.ac.uk/img/850x/about/slideshow-images/Abzolutely_FelixMooneeram_16_9_rdax_850x478.jpg]
[www.abdn.ac.uk/img/850x/about/slideshow-images/campus.jpg]
[www.abdn.ac.uk/img/850x/about/slideshow-images/History.jpg]
[www.abdn.ac.uk/img/450x/about/feature-images/IMS-Exterior-3.jpg]
[www.abdn.ac.uk/img/450x/about/feature-images/visit-us.jpg]
[www.abdn.ac.uk/img/450x/about/feature-images/Aberdeen-2040_4_3_rdax_450x338.jpg]
[www.abdn.ac.uk/img/450x/about/feature-images/senior-management-mod.jpg]
[www.abdn.ac.uk/img/450x/about/feature-images/contact.jpg]
[www.abdn.ac.uk/about/index.html]
[www.abdn.ac.uk/img/2000x/about/feature-images/aerial 32-9.jpg]
[www.abdn.ac.uk/img/1200x/about/feature-images/aerial 16-9.jpg]
[www.abdn.ac.uk/img/2000x/about/feature-images/lawngama.jpg]
[www.abdn.ac.uk/about/feature-images/shutterstock_2133044149_rdax_450x300_100.jpg]
[www.abdn.ac.uk/about/feature-images/New Kings button_rdax_450x300_100.jpg]
[www.abdn.ac.uk/about/feature-images/DSC_5932_rdax_450x300_100.jpg]
[www.abdn.ac.uk/about/feature-images/Qat1_rdax_450x299_100.jpg]
[www.abdn.ac.uk/about/feature-images/marischal button_rdax_450x299_100.jpg]
[www.abdn.ac.uk/about/feature-images/DSC_1525_rdax_450x300_100.jpg]
[www.abdn.ac.uk/about/feature-images/Lighthouse Field Station_rdax_450x300_100.jpg]
[www.abdn.ac.uk/about/feature-images/DSC_4384_rdax_450x300_100.jpg]
[www.abdn.ac.uk/about/campus/index.html]
[www.abdn.ac.uk/about/campus/maps/index.html]
[www.abdn.ac.uk/global/images/layout/UoA_Primary_Logo_RGB_20180fb7.png]
[www.abdn.ac.uk/global/images/layout/UoA_Landscape_Logo_RGB_REVERSE_20180fb7.png]
[www.abdn.ac.uk/global/js/opentext_responsive/navigation0fb7.js]
[www.abdn.ac.uk/global/js/opentext_responsive/funnelback_search0fb7.js]
[www.abdn.ac.uk/global/cookies/js/cookie-consent.js]
[www.abdn.ac.uk/people/index.html]
[www.abdn.ac.uk/img/450x/about/feature-images/Staff-Directory-mod.jpg]
[www.abdn.ac.uk/img/450x/about/feature-images/Academic-Departments.jpg]
[www.abdn.ac.uk/img/450x/about/feature-images/Open-Day_rdax_178x100.jpg]
[www.abdn.ac.uk/about/contact/index.html]
[www.abdn.ac.uk/news/rss.xml]
[www.abdn.ac.uk/img/850x/news/slideshow-images/montage_of_indepth_stories_rdax_850x478.jpg]
[www.abdn.ac.uk/img/850x/news/slideshow-images/Camera_video_research_rdax_850x478.jpg]
[www.abdn.ac.uk/img/850x/news/slideshow-images/podcast_rdax_850x478.jpg]
[www.abdn.ac.uk/img/850x/news/slideshow-images/student-female-laptop-elphinstone_rdax_850x478.jpg]
[www.abdn.ac.uk/img/600x337/news/images/features/MRI_patient2.jpg]
[www.abdn.ac.uk/img/450x/news/images/features/Geothermal_lake.jpg]
[www.abdn.ac.uk/img/450x/news/images/features/Motor_Neuron_Disease.jpg]
[www.abdn.ac.uk/img/50,sc/news/images/thumbs/George_Boyne_web1.jpg]
[www.abdn.ac.uk/img/50,sc/news/images/thumbs/Wilczek_and_Frost.jpg]
[www.abdn.ac.uk/img/50,sc/news/images/thumbs/luca-bravo-XJXWbfSo2f0-unsplash.jpg]
[www.abdn.ac.uk/img/50,sc/news/images/thumbs/Kings_College_campus.jpg]
[www.abdn.ac.uk/img/50,sc/news/images/thumbs/Strange_Sickness_banner.jpg]
[www.abdn.ac.uk/img/50,sc/news/images/thumbs/medical_science_experiment_1x1.jpg]
[www.abdn.ac.uk/img/50,sc/news/images/thumbs/Hemp_crop.jpg]
[www.abdn.ac.uk/img/50,sc/news/images/thumbs/Wind_farm.jpg]
[www.abdn.ac.uk/global/news/site/images/layout/the-conversation.gif]
[www.abdn.ac.uk/img/450x/news/images/thumbs/Wind_farm.jpg]
[www.abdn.ac.uk/img/450x/news/opinion/images/features/QM_JBO_cropped.jpg]
[www.abdn.ac.uk/img/450x/news/feature-images/eu-flag.jpg]
[www.abdn.ac.uk/img/450x/https_/www.abdn.ac.uk/news/images/layout/Kings_Crown_Tower.jpg]
[www.abdn.ac.uk/img/450x/news/images/layout/rowers.jpg]
[www.abdn.ac.uk/img/450x/news/images/layout/armadillo.jpg]
[www.abdn.ac.uk/global/news/site/js/opentext_responsive/calendar.functions.js]
[www.abdn.ac.uk/news/index.html]
[www.abdn.ac.uk/img/900x177/events/feature-images/banner_events_1600x500.jpg]
[www.abdn.ac.uk/img/1600x500/events/feature-images/banner_events_1600x500.jpg]
[cdnjs.cloudflare.com/ajax/libs/magnific-popup.js/1.1.0/magnific-popup.min.css]
